<?php return array (
  0 => 'Symfony\\Bundle\\FrameworkBundle\\Controller\\AbstractController',
  1 => 'App\\Controller\\HomeController',
  2 => 'App\\Controller\\ListController',
  3 => 'App\\Controller\\RacesController',
  4 => 'App\\Entity\\Armes',
  5 => 'App\\Entity\\Classes',
  6 => 'App\\Entity\\Dnd35Age',
  7 => 'App\\Entity\\Dnd35Alignements',
  8 => 'App\\Entity\\Dnd35Armuresboucliers',
  9 => 'App\\Entity\\Dnd35Capacitesspeciales',
  10 => 'App\\Entity\\Dnd35Caracteristiques',
  11 => 'App\\Entity\\Dnd35Charge',
  12 => 'App\\Entity\\Dnd35Classecapacitespeciale',
  13 => 'App\\Entity\\Dnd35Classecompetence',
  14 => 'App\\Entity\\Dnd35Classedieu',
  15 => 'App\\Entity\\Dnd35Classedon',
  16 => 'App\\Entity\\Dnd35Classeleveling',
  17 => 'App\\Entity\\Dnd35Classepredilection',
  18 => 'App\\Entity\\Dnd35Classesalignements',
  19 => 'App\\Entity\\Dnd35Classesprestige',
  20 => 'App\\Entity\\Dnd35Classesprestigecapacitespeciale',
  21 => 'App\\Entity\\Dnd35Classesprestigecompetence',
  22 => 'App\\Entity\\Dnd35Classesprestigeleveling',
  23 => 'App\\Entity\\Dnd35Classesprestigeprerequis',
  24 => 'App\\Entity\\Dnd35Competences',
  25 => 'App\\Entity\\Dnd35Competencesynergie',
  26 => 'App\\Entity\\Dnd35Donprerequis',
  27 => 'App\\Entity\\Dnd35Dons',
  28 => 'App\\Entity\\Dnd35Effetage',
  29 => 'App\\Entity\\Dnd35Effetcharge',
  30 => 'App\\Entity\\Dnd35Effetdon',
  31 => 'App\\Entity\\Dnd35Experience',
  32 => 'App\\Entity\\Dnd35Gemmes',
  33 => 'App\\Entity\\Dnd35Langueraceclasse',
  34 => 'App\\Entity\\Dnd35Langues',
  35 => 'App\\Entity\\Dnd35Modificateurs',
  36 => 'App\\Entity\\Dnd35Modificateurtaille',
  37 => 'App\\Entity\\Dnd35Monstres',
  38 => 'App\\Entity\\Dnd35Monstresarchetypes',
  39 => 'App\\Entity\\Dnd35Monstresaugmentationdegats',
  40 => 'App\\Entity\\Dnd35Monstresaugmentationfp',
  41 => 'App\\Entity\\Dnd35Monstresaugmentationtaille',
  42 => 'App\\Entity\\Dnd35Monstrescommundragons',
  43 => 'App\\Entity\\Dnd35Monstresevolutions',
  44 => 'App\\Entity\\Dnd35Monstresexperience',
  45 => 'App\\Entity\\Dnd35Objets',
  46 => 'App\\Entity\\Dnd35Objetsart',
  47 => 'App\\Entity\\Dnd35Objetsmagiques',
  48 => 'App\\Entity\\Dnd35Objetsmagiquesadversairesdesignes',
  49 => 'App\\Entity\\Dnd35Objetsmagiquesanneaux',
  50 => 'App\\Entity\\Dnd35Objetsmagiquesarmes',
  51 => 'App\\Entity\\Dnd35Objetsmagiquesarmescorpsacorps',
  52 => 'App\\Entity\\Dnd35Objetsmagiquesarmescorpsacorpsproprietesspeciales',
  53 => 'App\\Entity\\Dnd35Objetsmagiquesarmesdistance',
  54 => 'App\\Entity\\Dnd35Objetsmagiquesarmesdistanceproprietesspeciales',
  55 => 'App\\Entity\\Dnd35Objetsmagiquesarmesinhabituelles',
  56 => 'App\\Entity\\Dnd35Objetsmagiquesarmesspecifiques',
  57 => 'App\\Entity\\Dnd35Objetsmagiquesarmures',
  58 => 'App\\Entity\\Dnd35Objetsmagiquesarmuresproprietesspeciales',
  59 => 'App\\Entity\\Dnd35Objetsmagiquesarmuresspecifiques',
  60 => 'App\\Entity\\Dnd35Objetsmagiquesbaguettes',
  61 => 'App\\Entity\\Dnd35Objetsmagiquesbatons',
  62 => 'App\\Entity\\Dnd35Objetsmagiquesboucliersproprietesspeciales',
  63 => 'App\\Entity\\Dnd35Objetsmagiquesboucliersspecifiques',
  64 => 'App\\Entity\\Dnd35Objetsmagiquesmerveilleux',
  65 => 'App\\Entity\\Dnd35Objetsmagiquesparchemins',
  66 => 'App\\Entity\\Dnd35Objetsmagiquesparcheminsniveausorts',
  67 => 'App\\Entity\\Dnd35Objetsmagiquesparcheminsnombresorts',
  68 => 'App\\Entity\\Dnd35Objetsmagiquespotionshuiles',
  69 => 'App\\Entity\\Dnd35Objetsmagiquessceptres',
  70 => 'App\\Entity\\Dnd35Objetsmagiquestypesarmes',
  71 => 'App\\Entity\\Dnd35Objetsmagiquestypesarmures',
  72 => 'App\\Entity\\Dnd35Objetsmagiquestypesboucliers',
  73 => 'App\\Entity\\Dnd35Objetsmagiquestypesparchemins',
  74 => 'App\\Entity\\Dnd35Objetsnonmagiques',
  75 => 'App\\Entity\\Dnd35Pieges',
  76 => 'App\\Entity\\Dnd35Racecapacitespeciale',
  77 => 'App\\Entity\\Dnd35Racecompetence',
  78 => 'App\\Entity\\Dnd35Racedieu',
  79 => 'App\\Entity\\Dnd35Racedon',
  80 => 'App\\Entity\\Dnd35Races',
  81 => 'App\\Entity\\Dnd35Religion',
  82 => 'App\\Entity\\Dnd35Sauvegardes',
  83 => 'App\\Entity\\Dnd35Sortclasse',
  84 => 'App\\Entity\\Dnd35Sortclasseprestige',
  85 => 'App\\Entity\\Dnd35Sortdomaine',
  86 => 'App\\Entity\\Dnd35Sorts',
  87 => 'App\\Entity\\Dnd35Sortsdomaines',
  88 => 'App\\Entity\\Dnd35Sortsecoles',
  89 => 'App\\Entity\\Dnd35Taillepoids',
  90 => 'App\\Entity\\Dnd35Tresors',
  91 => 'Doctrine\\Bundle\\DoctrineBundle\\Controller\\ProfilerController',
  92 => 'Doctrine\\ORM\\Cache\\Persister\\Entity\\AbstractEntityPersister',
  93 => 'Doctrine\\ORM\\Cache\\Persister\\Entity\\CachedEntityPersister',
  94 => 'Doctrine\\ORM\\Cache\\Persister\\Entity\\NonStrictReadWriteCachedEntityPersister',
  95 => 'Doctrine\\ORM\\Cache\\Persister\\Entity\\ReadOnlyCachedEntityPersister',
  96 => 'Doctrine\\ORM\\Cache\\Persister\\Entity\\ReadWriteCachedEntityPersister',
  97 => 'Doctrine\\ORM\\Persisters\\Entity\\AbstractEntityInheritancePersister',
  98 => 'Doctrine\\ORM\\Persisters\\Entity\\BasicEntityPersister',
  99 => 'Doctrine\\ORM\\Persisters\\Entity\\CachedPersisterContext',
  100 => 'Doctrine\\ORM\\Persisters\\Entity\\EntityPersister',
  101 => 'Doctrine\\ORM\\Persisters\\Entity\\JoinedSubclassPersister',
  102 => 'Doctrine\\ORM\\Persisters\\Entity\\SingleTablePersister',
  104 => 'Symfony\\Bundle\\FrameworkBundle\\Controller\\ControllerResolver',
  105 => 'Symfony\\Bundle\\FrameworkBundle\\Controller\\RedirectController',
  106 => 'Symfony\\Bundle\\FrameworkBundle\\Controller\\TemplateController',
  107 => 'Symfony\\Bundle\\WebProfilerBundle\\Controller\\ExceptionPanelController',
  108 => 'Symfony\\Bundle\\WebProfilerBundle\\Controller\\ProfilerController',
  109 => 'Symfony\\Bundle\\WebProfilerBundle\\Controller\\RouterController',
  110 => 'Symfony\\Component\\HttpKernel\\Controller\\ArgumentResolver',
  111 => 'Symfony\\Component\\HttpKernel\\Controller\\ArgumentResolverInterface',
  112 => 'Symfony\\Component\\HttpKernel\\Controller\\ArgumentResolver\\DefaultValueResolver',
  113 => 'Symfony\\Component\\HttpKernel\\Controller\\ArgumentResolver\\NotTaggedControllerValueResolver',
  114 => 'Symfony\\Component\\HttpKernel\\Controller\\ArgumentResolver\\RequestAttributeValueResolver',
  115 => 'Symfony\\Component\\HttpKernel\\Controller\\ArgumentResolver\\RequestValueResolver',
  116 => 'Symfony\\Component\\HttpKernel\\Controller\\ArgumentResolver\\ServiceValueResolver',
  117 => 'Symfony\\Component\\HttpKernel\\Controller\\ArgumentResolver\\SessionValueResolver',
  118 => 'Symfony\\Component\\HttpKernel\\Controller\\ArgumentResolver\\TraceableValueResolver',
  119 => 'Symfony\\Component\\HttpKernel\\Controller\\ArgumentResolver\\VariadicValueResolver',
  120 => 'Symfony\\Component\\HttpKernel\\Controller\\ArgumentValueResolverInterface',
  121 => 'Symfony\\Component\\HttpKernel\\Controller\\ContainerControllerResolver',
  122 => 'Symfony\\Component\\HttpKernel\\Controller\\ControllerReference',
  123 => 'Symfony\\Component\\HttpKernel\\Controller\\ControllerResolver',
  124 => 'Symfony\\Component\\HttpKernel\\Controller\\ControllerResolverInterface',
  125 => 'Symfony\\Component\\HttpKernel\\Controller\\ErrorController',
  126 => 'Symfony\\Component\\HttpKernel\\Controller\\TraceableArgumentResolver',
  127 => 'Symfony\\Component\\HttpKernel\\Controller\\TraceableControllerResolver',
  128 => 'Symfony\\Component\\Security\\Http\\Controller\\UserValueResolver',
);